tests/_all/preprocessor/macro/builtin-stubbed.c
0
Jan  1 1970
00:00:00
Jan  1 1970 00:00:00
