comp_rvalue_go: can't take the address of a local variable
