_IFS variable name is invalid. It can't start or end with '_'.
