"a" variable: array/struct value type is not supported for shell backend. Use a reference type instead.
