comp_rvalue_go: && and || with function calls can only be used in tests
