comp_rvalue_go: sizeof is not supported for this type or expression
