Nested structures not supported by shell backend. Use a reference type instead.
