case/default must be at the beginning of a switch conditional block
