Conditional function calls in ternary operator not allowed
