"IFS" variable name is invalid. It can't be 'IFS' or 'argv_'.
